// Jest Snapshot v1, https://goo.gl/fbAQLP

exports[`login tests renders 1`] = `
ShallowWrapper {
  "length": 1,
  Symbol(enzyme.__root__): [Circular],
  Symbol(enzyme.__unrendered__): <Login />,
  Symbol(enzyme.__renderer__): Object {
    "batchedUpdates": [Function],
    "getNode": [Function],
    "render": [Function],
    "simulateEvent": [Function],
    "unmount": [Function],
  },
  Symbol(enzyme.__node__): Object {
    "instance": null,
    "key": undefined,
    "nodeType": "class",
    "props": Object {},
    "ref": null,
    "rendered": null,
    "type": [Function],
  },
  Symbol(enzyme.__nodes__): Array [
    Object {
      "instance": null,
      "key": undefined,
      "nodeType": "class",
      "props": Object {},
      "ref": null,
      "rendered": null,
      "type": [Function],
    },
  ],
  Symbol(enzyme.__options__): Object {
    "adapter": ReactSixteenAdapter {
      "options": Object {
        "enableComponentDidUpdateOnSetState": true,
      },
    },
  },
}
`;

exports[`login tests renders view 1`] = `
ShallowWrapper {
  "length": 1,
  Symbol(enzyme.__root__): [Circular],
  Symbol(enzyme.__unrendered__): <PageView
    fetch_data={[MockFunction]}
    isLoggingIn={false}
    login_user={[MockFunction]}
  />,
  Symbol(enzyme.__renderer__): Object {
    "batchedUpdates": [Function],
    "getNode": [Function],
    "render": [Function],
    "simulateEvent": [Function],
    "unmount": [Function],
  },
  Symbol(enzyme.__node__): Object {
    "instance": null,
    "key": undefined,
    "nodeType": "host",
    "props": Object {
      "children": <div
        className="container"
      >
        <div
          className="login-section section center z-depth-1"
        >
          <div
            className="heading"
          >
            <h5>
              Welcome Back
            </h5>
            <p>
              Sign in to share your story with the world, appreciate stories you love, and more.
            </p>
          </div>
          <div
            className="login-form"
          >
            <LoginForm
              auth_message=""
              emailValue=""
              loggingIn={false}
              onChange={[Function]}
              onSubmit={[Function]}
              passwordValue=""
            />
          </div>
          <div
            className="extra-info"
          >
            <p>
              Don
              '
              t an account?
              <Link
                href="/signup"
              >
                <a>
                   Signup
                </a>
              </Link>
            </p>
          </div>
        </div>
      </div>,
      "className": "auth auth-login",
    },
    "ref": null,
    "rendered": Object {
      "instance": null,
      "key": undefined,
      "nodeType": "host",
      "props": Object {
        "children": <div
          className="login-section section center z-depth-1"
        >
          <div
            className="heading"
          >
            <h5>
              Welcome Back
            </h5>
            <p>
              Sign in to share your story with the world, appreciate stories you love, and more.
            </p>
          </div>
          <div
            className="login-form"
          >
            <LoginForm
              auth_message=""
              emailValue=""
              loggingIn={false}
              onChange={[Function]}
              onSubmit={[Function]}
              passwordValue=""
            />
          </div>
          <div
            className="extra-info"
          >
            <p>
              Don
              '
              t an account?
              <Link
                href="/signup"
              >
                <a>
                   Signup
                </a>
              </Link>
            </p>
          </div>
        </div>,
        "className": "container",
      },
      "ref": null,
      "rendered": Object {
        "instance": null,
        "key": undefined,
        "nodeType": "host",
        "props": Object {
          "children": Array [
            <div
              className="heading"
            >
              <h5>
                Welcome Back
              </h5>
              <p>
                Sign in to share your story with the world, appreciate stories you love, and more.
              </p>
            </div>,
            <div
              className="login-form"
            >
              <LoginForm
                auth_message=""
                emailValue=""
                loggingIn={false}
                onChange={[Function]}
                onSubmit={[Function]}
                passwordValue=""
              />
            </div>,
            <div
              className="extra-info"
            >
              <p>
                Don
                '
                t an account?
                <Link
                  href="/signup"
                >
                  <a>
                     Signup
                  </a>
                </Link>
              </p>
            </div>,
          ],
          "className": "login-section section center z-depth-1",
        },
        "ref": null,
        "rendered": Array [
          Object {
            "instance": null,
            "key": undefined,
            "nodeType": "host",
            "props": Object {
              "children": Array [
                <h5>
                  Welcome Back
                </h5>,
                <p>
                  Sign in to share your story with the world, appreciate stories you love, and more.
                </p>,
              ],
              "className": "heading",
            },
            "ref": null,
            "rendered": Array [
              Object {
                "instance": null,
                "key": undefined,
                "nodeType": "host",
                "props": Object {
                  "children": "Welcome Back",
                },
                "ref": null,
                "rendered": "Welcome Back",
                "type": "h5",
              },
              Object {
                "instance": null,
                "key": undefined,
                "nodeType": "host",
                "props": Object {
                  "children": "Sign in to share your story with the world, appreciate stories you love, and more.",
                },
                "ref": null,
                "rendered": "Sign in to share your story with the world, appreciate stories you love, and more.",
                "type": "p",
              },
            ],
            "type": "div",
          },
          Object {
            "instance": null,
            "key": undefined,
            "nodeType": "host",
            "props": Object {
              "children": <LoginForm
                auth_message=""
                emailValue=""
                loggingIn={false}
                onChange={[Function]}
                onSubmit={[Function]}
                passwordValue=""
              />,
              "className": "login-form",
            },
            "ref": null,
            "rendered": Object {
              "instance": null,
              "key": undefined,
              "nodeType": "function",
              "props": Object {
                "auth_message": "",
                "emailValue": "",
                "loggingIn": false,
                "onChange": [Function],
                "onSubmit": [Function],
                "passwordValue": "",
              },
              "ref": null,
              "rendered": null,
              "type": [Function],
            },
            "type": "div",
          },
          Object {
            "instance": null,
            "key": undefined,
            "nodeType": "host",
            "props": Object {
              "children": <p>
                Don
                '
                t an account?
                <Link
                  href="/signup"
                >
                  <a>
                     Signup
                  </a>
                </Link>
              </p>,
              "className": "extra-info",
            },
            "ref": null,
            "rendered": Object {
              "instance": null,
              "key": undefined,
              "nodeType": "host",
              "props": Object {
                "children": Array [
                  "Don",
                  "'",
                  "t an account?",
                  <Link
                    href="/signup"
                  >
                    <a>
                       Signup
                    </a>
                  </Link>,
                ],
              },
              "ref": null,
              "rendered": Array [
                "Don",
                "'",
                "t an account?",
                Object {
                  "instance": null,
                  "key": undefined,
                  "nodeType": "class",
                  "props": Object {
                    "children": <a>
                       Signup
                    </a>,
                    "href": "/signup",
                  },
                  "ref": null,
                  "rendered": Object {
                    "instance": null,
                    "key": undefined,
                    "nodeType": "host",
                    "props": Object {
                      "children": " Signup",
                    },
                    "ref": null,
                    "rendered": " Signup",
                    "type": "a",
                  },
                  "type": [Function],
                },
              ],
              "type": "p",
            },
            "type": "div",
          },
        ],
        "type": "div",
      },
      "type": "div",
    },
    "type": "div",
  },
  Symbol(enzyme.__nodes__): Array [
    Object {
      "instance": null,
      "key": undefined,
      "nodeType": "host",
      "props": Object {
        "children": <div
          className="container"
        >
          <div
            className="login-section section center z-depth-1"
          >
            <div
              className="heading"
            >
              <h5>
                Welcome Back
              </h5>
              <p>
                Sign in to share your story with the world, appreciate stories you love, and more.
              </p>
            </div>
            <div
              className="login-form"
            >
              <LoginForm
                auth_message=""
                emailValue=""
                loggingIn={false}
                onChange={[Function]}
                onSubmit={[Function]}
                passwordValue=""
              />
            </div>
            <div
              className="extra-info"
            >
              <p>
                Don
                '
                t an account?
                <Link
                  href="/signup"
                >
                  <a>
                     Signup
                  </a>
                </Link>
              </p>
            </div>
          </div>
        </div>,
        "className": "auth auth-login",
      },
      "ref": null,
      "rendered": Object {
        "instance": null,
        "key": undefined,
        "nodeType": "host",
        "props": Object {
          "children": <div
            className="login-section section center z-depth-1"
          >
            <div
              className="heading"
            >
              <h5>
                Welcome Back
              </h5>
              <p>
                Sign in to share your story with the world, appreciate stories you love, and more.
              </p>
            </div>
            <div
              className="login-form"
            >
              <LoginForm
                auth_message=""
                emailValue=""
                loggingIn={false}
                onChange={[Function]}
                onSubmit={[Function]}
                passwordValue=""
              />
            </div>
            <div
              className="extra-info"
            >
              <p>
                Don
                '
                t an account?
                <Link
                  href="/signup"
                >
                  <a>
                     Signup
                  </a>
                </Link>
              </p>
            </div>
          </div>,
          "className": "container",
        },
        "ref": null,
        "rendered": Object {
          "instance": null,
          "key": undefined,
          "nodeType": "host",
          "props": Object {
            "children": Array [
              <div
                className="heading"
              >
                <h5>
                  Welcome Back
                </h5>
                <p>
                  Sign in to share your story with the world, appreciate stories you love, and more.
                </p>
              </div>,
              <div
                className="login-form"
              >
                <LoginForm
                  auth_message=""
                  emailValue=""
                  loggingIn={false}
                  onChange={[Function]}
                  onSubmit={[Function]}
                  passwordValue=""
                />
              </div>,
              <div
                className="extra-info"
              >
                <p>
                  Don
                  '
                  t an account?
                  <Link
                    href="/signup"
                  >
                    <a>
                       Signup
                    </a>
                  </Link>
                </p>
              </div>,
            ],
            "className": "login-section section center z-depth-1",
          },
          "ref": null,
          "rendered": Array [
            Object {
              "instance": null,
              "key": undefined,
              "nodeType": "host",
              "props": Object {
                "children": Array [
                  <h5>
                    Welcome Back
                  </h5>,
                  <p>
                    Sign in to share your story with the world, appreciate stories you love, and more.
                  </p>,
                ],
                "className": "heading",
              },
              "ref": null,
              "rendered": Array [
                Object {
                  "instance": null,
                  "key": undefined,
                  "nodeType": "host",
                  "props": Object {
                    "children": "Welcome Back",
                  },
                  "ref": null,
                  "rendered": "Welcome Back",
                  "type": "h5",
                },
                Object {
                  "instance": null,
                  "key": undefined,
                  "nodeType": "host",
                  "props": Object {
                    "children": "Sign in to share your story with the world, appreciate stories you love, and more.",
                  },
                  "ref": null,
                  "rendered": "Sign in to share your story with the world, appreciate stories you love, and more.",
                  "type": "p",
                },
              ],
              "type": "div",
            },
            Object {
              "instance": null,
              "key": undefined,
              "nodeType": "host",
              "props": Object {
                "children": <LoginForm
                  auth_message=""
                  emailValue=""
                  loggingIn={false}
                  onChange={[Function]}
                  onSubmit={[Function]}
                  passwordValue=""
                />,
                "className": "login-form",
              },
              "ref": null,
              "rendered": Object {
                "instance": null,
                "key": undefined,
                "nodeType": "function",
                "props": Object {
                  "auth_message": "",
                  "emailValue": "",
                  "loggingIn": false,
                  "onChange": [Function],
                  "onSubmit": [Function],
                  "passwordValue": "",
                },
                "ref": null,
                "rendered": null,
                "type": [Function],
              },
              "type": "div",
            },
            Object {
              "instance": null,
              "key": undefined,
              "nodeType": "host",
              "props": Object {
                "children": <p>
                  Don
                  '
                  t an account?
                  <Link
                    href="/signup"
                  >
                    <a>
                       Signup
                    </a>
                  </Link>
                </p>,
                "className": "extra-info",
              },
              "ref": null,
              "rendered": Object {
                "instance": null,
                "key": undefined,
                "nodeType": "host",
                "props": Object {
                  "children": Array [
                    "Don",
                    "'",
                    "t an account?",
                    <Link
                      href="/signup"
                    >
                      <a>
                         Signup
                      </a>
                    </Link>,
                  ],
                },
                "ref": null,
                "rendered": Array [
                  "Don",
                  "'",
                  "t an account?",
                  Object {
                    "instance": null,
                    "key": undefined,
                    "nodeType": "class",
                    "props": Object {
                      "children": <a>
                         Signup
                      </a>,
                      "href": "/signup",
                    },
                    "ref": null,
                    "rendered": Object {
                      "instance": null,
                      "key": undefined,
                      "nodeType": "host",
                      "props": Object {
                        "children": " Signup",
                      },
                      "ref": null,
                      "rendered": " Signup",
                      "type": "a",
                    },
                    "type": [Function],
                  },
                ],
                "type": "p",
              },
              "type": "div",
            },
          ],
          "type": "div",
        },
        "type": "div",
      },
      "type": "div",
    },
  ],
  Symbol(enzyme.__options__): Object {
    "adapter": ReactSixteenAdapter {
      "options": Object {
        "enableComponentDidUpdateOnSetState": true,
      },
    },
  },
}
`;
